../Core/Src/lcddisplay.c:13:6:LCDsend_	32	static
../Core/Src/lcddisplay.c:20:6:LCDBacklightsend_	32	static
../Core/Src/lcddisplay.c:26:6:LCDinit	16	static
../Core/Src/lcddisplay.c:52:6:LCDwrite	16	static
../Core/Src/lcddisplay.c:56:6:LCDwriteText	16	static
../Core/Src/lcddisplay.c:60:6:LCDsetCursorPos	16	static
../Core/Src/lcddisplay.c:64:6:LCDsetDisplay	16	static
../Core/Src/lcddisplay.c:68:6:LCDsetCursor	16	static
../Core/Src/lcddisplay.c:72:6:LCDsetBlink	16	static
../Core/Src/lcddisplay.c:77:6:LCDclear	8	static
../Core/Src/lcddisplay.c:82:6:LCDsetBacklight	16	static
