Archive member included to satisfy reference by file (symbol)

/home/yehor/st/stm32cubeide_1.13.2/plugins/com.st.stm32cube.ide.mcu.externaltools.gnu-tools-for-stm32.11.3.rel1.linux64_1.1.1.202309131626/tools/bin/../lib/gcc/arm-none-eabi/11.3.1/../../../../arm-none-eabi/lib/thumb/v7-m/nofp/libc_nano.a(libc_a-exit.o)
                              /home/yehor/st/stm32cubeide_1.13.2/plugins/com.st.stm32cube.ide.mcu.externaltools.gnu-tools-for-stm32.11.3.rel1.linux64_1.1.1.202309131626/tools/bin/../lib/gcc/arm-none-eabi/11.3.1/../../../../arm-none-eabi/lib/thumb/v7-m/nofp/crt0.o (exit)
/home/yehor/st/stm32cubeide_1.13.2/plugins/com.st.stm32cube.ide.mcu.externaltools.gnu-tools-for-stm32.11.3.rel1.linux64_1.1.1.202309131626/tools/bin/../lib/gcc/arm-none-eabi/11.3.1/../../../../arm-none-eabi/lib/thumb/v7-m/nofp/libc_nano.a(libc_a-malloc.o)
                              ./Core/Src/calculator2.o (malloc)
/home/yehor/st/stm32cubeide_1.13.2/plugins/com.st.stm32cube.ide.mcu.externaltools.gnu-tools-for-stm32.11.3.rel1.linux64_1.1.1.202309131626/tools/bin/../lib/gcc/arm-none-eabi/11.3.1/../../../../arm-none-eabi/lib/thumb/v7-m/nofp/libc_nano.a(libc_a-mallocr.o)
                              /home/yehor/st/stm32cubeide_1.13.2/plugins/com.st.stm32cube.ide.mcu.externaltools.gnu-tools-for-stm32.11.3.rel1.linux64_1.1.1.202309131626/tools/bin/../lib/gcc/arm-none-eabi/11.3.1/../../../../arm-none-eabi/lib/thumb/v7-m/nofp/libc_nano.a(libc_a-malloc.o) (_malloc_r)
/home/yehor/st/stm32cubeide_1.13.2/plugins/com.st.stm32cube.ide.mcu.externaltools.gnu-tools-for-stm32.11.3.rel1.linux64_1.1.1.202309131626/tools/bin/../lib/gcc/arm-none-eabi/11.3.1/../../../../arm-none-eabi/lib/thumb/v7-m/nofp/libc_nano.a(libc_a-mlock.o)
                              /home/yehor/st/stm32cubeide_1.13.2/plugins/com.st.stm32cube.ide.mcu.externaltools.gnu-tools-for-stm32.11.3.rel1.linux64_1.1.1.202309131626/tools/bin/../lib/gcc/arm-none-eabi/11.3.1/../../../../arm-none-eabi/lib/thumb/v7-m/nofp/libc_nano.a(libc_a-mallocr.o) (__malloc_lock)
/home/yehor/st/stm32cubeide_1.13.2/plugins/com.st.stm32cube.ide.mcu.externaltools.gnu-tools-for-stm32.11.3.rel1.linux64_1.1.1.202309131626/tools/bin/../lib/gcc/arm-none-eabi/11.3.1/../../../../arm-none-eabi/lib/thumb/v7-m/nofp/libc_nano.a(libc_a-findfp.o)
                              /home/yehor/st/stm32cubeide_1.13.2/plugins/com.st.stm32cube.ide.mcu.externaltools.gnu-tools-for-stm32.11.3.rel1.linux64_1.1.1.202309131626/tools/bin/../lib/gcc/arm-none-eabi/11.3.1/../../../../arm-none-eabi/lib/thumb/v7-m/nofp/libc_nano.a(libc_a-exit.o) (__stdio_exit_handler)
/home/yehor/st/stm32cubeide_1.13.2/plugins/com.st.stm32cube.ide.mcu.externaltools.gnu-tools-for-stm32.11.3.rel1.linux64_1.1.1.202309131626/tools/bin/../lib/gcc/arm-none-eabi/11.3.1/../../../../arm-none-eabi/lib/thumb/v7-m/nofp/libc_nano.a(libc_a-fwalk.o)
                              /home/yehor/st/stm32cubeide_1.13.2/plugins/com.st.stm32cube.ide.mcu.externaltools.gnu-tools-for-stm32.11.3.rel1.linux64_1.1.1.202309131626/tools/bin/../lib/gcc/arm-none-eabi/11.3.1/../../../../arm-none-eabi/lib/thumb/v7-m/nofp/libc_nano.a(libc_a-findfp.o) (_fwalk_sglue)
/home/yehor/st/stm32cubeide_1.13.2/plugins/com.st.stm32cube.ide.mcu.externaltools.gnu-tools-for-stm32.11.3.rel1.linux64_1.1.1.202309131626/tools/bin/../lib/gcc/arm-none-eabi/11.3.1/../../../../arm-none-eabi/lib/thumb/v7-m/nofp/libc_nano.a(libc_a-stdio.o)
                              /home/yehor/st/stm32cubeide_1.13.2/plugins/com.st.stm32cube.ide.mcu.externaltools.gnu-tools-for-stm32.11.3.rel1.linux64_1.1.1.202309131626/tools/bin/../lib/gcc/arm-none-eabi/11.3.1/../../../../arm-none-eabi/lib/thumb/v7-m/nofp/libc_nano.a(libc_a-findfp.o) (__sread)
/home/yehor/st/stm32cubeide_1.13.2/plugins/com.st.stm32cube.ide.mcu.externaltools.gnu-tools-for-stm32.11.3.rel1.linux64_1.1.1.202309131626/tools/bin/../lib/gcc/arm-none-eabi/11.3.1/../../../../arm-none-eabi/lib/thumb/v7-m/nofp/libc_nano.a(libc_a-memset.o)
                              /home/yehor/st/stm32cubeide_1.13.2/plugins/com.st.stm32cube.ide.mcu.externaltools.gnu-tools-for-stm32.11.3.rel1.linux64_1.1.1.202309131626/tools/bin/../lib/gcc/arm-none-eabi/11.3.1/../../../../arm-none-eabi/lib/thumb/v7-m/nofp/crt0.o (memset)
/home/yehor/st/stm32cubeide_1.13.2/plugins/com.st.stm32cube.ide.mcu.externaltools.gnu-tools-for-stm32.11.3.rel1.linux64_1.1.1.202309131626/tools/bin/../lib/gcc/arm-none-eabi/11.3.1/../../../../arm-none-eabi/lib/thumb/v7-m/nofp/libc_nano.a(libc_a-closer.o)
                              /home/yehor/st/stm32cubeide_1.13.2/plugins/com.st.stm32cube.ide.mcu.externaltools.gnu-tools-for-stm32.11.3.rel1.linux64_1.1.1.202309131626/tools/bin/../lib/gcc/arm-none-eabi/11.3.1/../../../../arm-none-eabi/lib/thumb/v7-m/nofp/libc_nano.a(libc_a-stdio.o) (_close_r)
[...]
Memory Configuration

Name             Origin             Length             Attributes
RAM              0x0000000020000000 0x0000000000002800 xrw
FLASH            0x0000000008000000 0x0000000000008000 xr
*default*        0x0000000000000000 0xffffffffffffffff

Linker script and memory map

LOAD /home/yehor/st/stm32cubeide_1.13.2/plugins/com.st.stm32cube.ide.mcu.externaltools.gnu-tools-for-stm32.11.3.rel1.linux64_1.1.1.202309131626/tools/bin/../lib/gcc/arm-none-eabi/11.3.1/thumb/v7-m/nofp/crti.o
LOAD /home/yehor/st/stm32cubeide_1.13.2/plugins/com.st.stm32cube.ide.mcu.externaltools.gnu-tools-for-stm32.11.3.rel1.linux64_1.1.1.202309131626/tools/bin/../lib/gcc/arm-none-eabi/11.3.1/thumb/v7-m/nofp/crtbegin.o
LOAD /home/yehor/st/stm32cubeide_1.13.2/plugins/com.st.stm32cube.ide.mcu.externaltools.gnu-tools-for-stm32.11.3.rel1.linux64_1.1.1.202309131626/tools/bin/../lib/gcc/arm-none-eabi/11.3.1/../../../../arm-none-eabi/lib/thumb/v7-m/nofp/crt0.o
LOAD ./Core/Src/calculator2.o
LOAD ./Core/Src/gui.o
LOAD ./Core/Src/lcddisplay.o
LOAD ./Core/Src/main.o
LOAD ./Core/Src/stm32f1xx_hal_msp.o
LOAD ./Core/Src/stm32f1xx_it.o
LOAD ./Core/Src/syscalls.o
LOAD ./Core/Src/sysmem.o
LOAD ./Core/Src/system_stm32f1xx.o
LOAD ./Core/Startup/startup_stm32f103c6tx.o
LOAD ./Drivers/STM32F1xx_HAL_Driver/Src/stm32f1xx_hal.o
LOAD ./Drivers/STM32F1xx_HAL_Driver/Src/stm32f1xx_hal_cortex.o
LOAD ./Drivers/STM32F1xx_HAL_Driver/Src/stm32f1xx_hal_dma.o
LOAD ./Drivers/STM32F1xx_HAL_Driver/Src/stm32f1xx_hal_exti.o
LOAD ./Drivers/STM32F1xx_HAL_Driver/Src/stm32f1xx_hal_flash.o
LOAD ./Drivers/STM32F1xx_HAL_Driver/Src/stm32f1xx_hal_flash_ex.o
LOAD ./Drivers/STM32F1xx_HAL_Driver/Src/stm32f1xx_hal_gpio.o
LOAD ./Drivers/STM32F1xx_HAL_Driver/Src/stm32f1xx_hal_gpio_ex.o
LOAD ./Drivers/STM32F1xx_HAL_Driver/Src/stm32f1xx_hal_i2c.o
LOAD ./Drivers/STM32F1xx_HAL_Driver/Src/stm32f1xx_hal_pwr.o
LOAD ./Drivers/STM32F1xx_HAL_Driver/Src/stm32f1xx_hal_rcc.o
LOAD ./Drivers/STM32F1xx_HAL_Driver/Src/stm32f1xx_hal_rcc_ex.o
START GROUP
LOAD /home/yehor/st/stm32cubeide_1.13.2/plugins/com.st.stm32cube.ide.mcu.externaltools.gnu-tools-for-stm32.11.3.rel1.linux64_1.1.1.202309131626/tools/bin/../lib/gcc/arm-none-eabi/11.3.1/../../../../arm-none-eabi/lib/thumb/v7-m/nofp/libc_nano.a
LOAD /home/yehor/st/stm32cubeide_1.13.2/plugins/com.st.stm32cube.ide.mcu.externaltools.gnu-tools-for-stm32.11.3.rel1.linux64_1.1.1.202309131626/tools/bin/../lib/gcc/arm-none-eabi/11.3.1/../../../../arm-none-eabi/lib/thumb/v7-m/nofp/libm.a
END GROUP
START GROUP
LOAD /home/yehor/st/stm32cubeide_1.13.2/plugins/com.st.stm32cube.ide.mcu.externaltools.gnu-tools-for-stm32.11.3.rel1.linux64_1.1.1.202309131626/tools/bin/../lib/gcc/arm-none-eabi/11.3.1/thumb/v7-m/nofp/libgcc.a
LOAD /home/yehor/st/stm32cubeide_1.13.2/plugins/com.st.stm32cube.ide.mcu.externaltools.gnu-tools-for-stm32.11.3.rel1.linux64_1.1.1.202309131626/tools/bin/../lib/gcc/arm-none-eabi/11.3.1/../../../../arm-none-eabi/lib/thumb/v7-m/nofp/libc_nano.a
END GROUP
START GROUP
LOAD /home/yehor/st/stm32cubeide_1.13.2/plugins/com.st.stm32cube.ide.mcu.externaltools.gnu-tools-for-stm32.11.3.rel1.linux64_1.1.1.202309131626/tools/bin/../lib/gcc/arm-none-eabi/11.3.1/thumb/v7-m/nofp/libgcc.a
LOAD /home/yehor/st/stm32cubeide_1.13.2/plugins/com.st.stm32cube.ide.mcu.externaltools.gnu-tools-for-stm32.11.3.rel1.linux64_1.1.1.202309131626/tools/bin/../lib/gcc/arm-none-eabi/11.3.1/../../../../arm-none-eabi/lib/thumb/v7-m/nofp/libc_nano.a
LOAD /home/yehor/st/stm32cubeide_1.13.2/plugins/com.st.stm32cube.ide.mcu.externaltools.gnu-tools-for-stm32.11.3.rel1.linux64_1.1.1.202309131626/tools/bin/../lib/gcc/arm-none-eabi/11.3.1/../../../../arm-none-eabi/lib/thumb/v7-m/nofp/libnosys.a
END GROUP
START GROUP
LOAD /home/yehor/st/stm32cubeide_1.13.2/plugins/com.st.stm32cube.ide.mcu.externaltools.gnu-tools-for-stm32.11.3.rel1.linux64_1.1.1.202309131626/tools/bin/../lib/gcc/arm-none-eabi/11.3.1/thumb/v7-m/nofp/libgcc.a
LOAD /home/yehor/st/stm32cubeide_1.13.2/plugins/com.st.stm32cube.ide.mcu.externaltools.gnu-tools-for-stm32.11.3.rel1.linux64_1.1.1.202309131626/tools/bin/../lib/gcc/arm-none-eabi/11.3.1/../../../../arm-none-eabi/lib/thumb/v7-m/nofp/libc_nano.a
LOAD /home/yehor/st/stm32cubeide_1.13.2/plugins/com.st.stm32cube.ide.mcu.externaltools.gnu-tools-for-stm32.11.3.rel1.linux64_1.1.1.202309131626/tools/bin/../lib/gcc/arm-none-eabi/11.3.1/../../../../arm-none-eabi/lib/thumb/v7-m/nofp/libnosys.a
END GROUP
LOAD /home/yehor/st/stm32cubeide_1.13.2/plugins/com.st.stm32cube.ide.mcu.externaltools.gnu-tools-for-stm32.11.3.rel1.linux64_1.1.1.202309131626/tools/bin/../lib/gcc/arm-none-eabi/11.3.1/thumb/v7-m/nofp/crtend.o
LOAD /home/yehor/st/stm32cubeide_1.13.2/plugins/com.st.stm32cube.ide.mcu.externaltools.gnu-tools-for-stm32.11.3.rel1.linux64_1.1.1.202309131626/tools/bin/../lib/gcc/arm-none-eabi/11.3.1/thumb/v7-m/nofp/crtn.o
                0x0000000020002800                _estack = (ORIGIN (RAM) + LENGTH (RAM))
                0x0000000000000200                _Min_Heap_Size = 0x200
                0x0000000000000400                _Min_Stack_Size = 0x400

.isr_vector     0x0000000008000000      0x10c
                0x0000000008000000                . = ALIGN (0x4)
 *(.isr_vector)
 .isr_vector    0x0000000008000000      0x10c ./Core/Startup/startup_stm32f103c6tx.o
                0x0000000008000000                g_pfnVectors
                0x000000000800010c                . = ALIGN (0x4)

.text           0x000000000800010c     0x2b4c
                0x000000000800010c                . = ALIGN (0x4)
 *(.text)
 .text          0x000000000800010c       0x40 /home/yehor/st/stm32cubeide_1.13.2/plugins/com.st.stm32cube.ide.mcu.externaltools.gnu-tools-for-stm32.11.3.rel1.linux64_1.1.1.202309131626/tools/bin/../lib/gcc/arm-none-eabi/11.3.1/thumb/v7-m/nofp/crtbegin.o
 *(.text*)
 .text.computeEquation
                0x000000000800014c       0x30 ./Core/Src/calculator2.o
                0x000000000800014c                computeEquation
 .text.freeTree
                0x000000000800017c       0x3a ./Core/Src/calculator2.o
                0x000000000800017c                freeTree
 .text.parseE   0x00000000080001b6       0xb8 ./Core/Src/calculator2.o
                0x00000000080001b6                parseE
 .text.parseT   0x000000000800026e       0xb6 ./Core/Src/calculator2.o
                0x000000000800026e                parseT
 .text.parseF   0x0000000008000324       0xe4 ./Core/Src/calculator2.o
                0x0000000008000324                parseF
 .text.nextToken
                0x0000000008000408       0x86 ./Core/Src/calculator2.o
                0x0000000008000408                nextToken
 .text.lastToken
                0x000000000800048e       0x28 ./Core/Src/calculator2.o
                0x000000000800048e                lastToken
 .text.getToken
                0x00000000080004b6       0xa0 ./Core/Src/calculator2.o
                0x00000000080004b6                getToken
 .text.isNum    0x0000000008000556       0x28 ./Core/Src/calculator2.o
                0x0000000008000556                isNum
 .text.drawExpression
                0x000000000800057e       0x70 ./Core/Src/gui.o
                0x000000000800057e                drawExpression
 .text.drawMenu
                0x00000000080005ee       0x8a ./Core/Src/gui.o
                0x00000000080005ee                drawMenu
 .text.addChar  0x0000000008000678       0xac ./Core/Src/gui.o
                0x0000000008000678                addChar
 .text.moveLeft
                0x0000000008000724       0x44 ./Core/Src/gui.o
                0x0000000008000724                moveLeft
 .text.moveRight
                0x0000000008000768       0x52 ./Core/Src/gui.o
                0x0000000008000768                moveRight
 .text.nextPage
                0x00000000080007ba       0x38 ./Core/Src/gui.o
                0x00000000080007ba                nextPage
 *fill*         0x00000000080007f2        0x2 
 .text.LCDsend_
                0x00000000080007f4       0x44 ./Core/Src/lcddisplay.o
                0x00000000080007f4                LCDsend_
 .text.LCDBacklightsend_
                0x0000000008000838       0x44 ./Core/Src/lcddisplay.o
                0x0000000008000838                LCDBacklightsend_
 .text.LCDinit  0x000000000800087c       0xc0 ./Core/Src/lcddisplay.o
                0x000000000800087c                LCDinit
 .text.LCDwrite
                0x000000000800093c       0x1e ./Core/Src/lcddisplay.o
                0x000000000800093c                LCDwrite
 .text.LCDsetCursorPos
                0x000000000800095a       0x3a ./Core/Src/lcddisplay.o
                0x000000000800095a                LCDsetCursorPos
 .text.LCDsetCursor
                0x0000000008000994       0x54 ./Core/Src/lcddisplay.o
                0x0000000008000994                LCDsetCursor
 .text.LCDsetBlink
                0x00000000080009e8       0x54 ./Core/Src/lcddisplay.o
                0x00000000080009e8                LCDsetBlink
 .text.main     0x0000000008000a3c      0x120 ./Core/Src/main.o
                0x0000000008000a3c                main
 .text.SystemClock_Config
                0x0000000008000b5c       0x76 ./Core/Src/main.o
                0x0000000008000b5c                SystemClock_Config
 *fill*         0x0000000008000bd2        0x2 
 .text.MX_I2C1_Init
                0x0000000008000bd4       0x5c ./Core/Src/main.o
 .text.MX_GPIO_Init
                0x0000000008000c30      0x134 ./Core/Src/main.o
 .text.HAL_GPIO_EXTI_Callback
                0x0000000008000d64      0x200 ./Core/Src/main.o
                0x0000000008000d64                HAL_GPIO_EXTI_Callback
 .text.Error_Handler
                0x0000000008000f64        0xa ./Core/Src/main.o
                0x0000000008000f64                Error_Handler
 *fill*         0x0000000008000f6e        0x2 
 .text.HAL_MspInit
                0x0000000008000f70       0x44 ./Core/Src/stm32f1xx_hal_msp.o
                0x0000000008000f70                HAL_MspInit
 .text.HAL_I2C_MspInit
                0x0000000008000fb4       0xa4 ./Core/Src/stm32f1xx_hal_msp.o
                0x0000000008000fb4                HAL_I2C_MspInit
 .text.NMI_Handler
                0x0000000008001058        0x6 ./Core/Src/stm32f1xx_it.o
                0x0000000008001058                NMI_Handler
 .text.HardFault_Handler
                0x000000000800105e        0x6 ./Core/Src/stm32f1xx_it.o
                0x000000000800105e                HardFault_Handler
 .text.MemManage_Handler
                0x0000000008001064        0x6 ./Core/Src/stm32f1xx_it.o
                0x0000000008001064                MemManage_Handler
 .text.BusFault_Handler
                0x000000000800106a        0x6 ./Core/Src/stm32f1xx_it.o
                0x000000000800106a                BusFault_Handler
 .text.UsageFault_Handler
                0x0000000008001070        0x6 ./Core/Src/stm32f1xx_it.o
                0x0000000008001070                UsageFault_Handler
 .text.SVC_Handler
                0x0000000008001076        0xc ./Core/Src/stm32f1xx_it.o
                0x0000000008001076                SVC_Handler
 .text.DebugMon_Handler
                0x0000000008001082        0xc ./Core/Src/stm32f1xx_it.o
                0x0000000008001082                DebugMon_Handler
 .text.PendSV_Handler
                0x000000000800108e        0xc ./Core/Src/stm32f1xx_it.o
                0x000000000800108e                PendSV_Handler
 .text.SysTick_Handler
                0x000000000800109a        0xc ./Core/Src/stm32f1xx_it.o
                0x000000000800109a                SysTick_Handler
 .text.EXTI0_IRQHandler
                0x00000000080010a6        0xe ./Core/Src/stm32f1xx_it.o
                0x00000000080010a6                EXTI0_IRQHandler
 .text.EXTI1_IRQHandler
                0x00000000080010b4        0xe ./Core/Src/stm32f1xx_it.o
                0x00000000080010b4                EXTI1_IRQHandler
 .text.EXTI2_IRQHandler
                0x00000000080010c2        0xe ./Core/Src/stm32f1xx_it.o
                0x00000000080010c2                EXTI2_IRQHandler
 .text.EXTI3_IRQHandler
                0x00000000080010d0        0xe ./Core/Src/stm32f1xx_it.o
                0x00000000080010d0                EXTI3_IRQHandler
 .text.EXTI4_IRQHandler
                0x00000000080010de        0xe ./Core/Src/stm32f1xx_it.o
                0x00000000080010de                EXTI4_IRQHandler
 .text.EXTI9_5_IRQHandler
                0x00000000080010ec       0x1a ./Core/Src/stm32f1xx_it.o
                0x00000000080010ec                EXTI9_5_IRQHandler
 *fill*         0x0000000008001106        0x2 
 .text._sbrk    0x0000000008001108       0x6c ./Core/Src/sysmem.o
                0x0000000008001108                _sbrk
 .text.SystemInit
                0x0000000008001174        0xc ./Core/Src/system_stm32f1xx.o
                0x0000000008001174                SystemInit
 .text.Reset_Handler
                0x0000000008001180       0x48 ./Core/Startup/startup_stm32f103c6tx.o
                0x0000000008001180                Reset_Handler
 .text.Default_Handler
                0x00000000080011c8        0x2 ./Core/Startup/startup_stm32f103c6tx.o
                0x00000000080011c8                RTC_Alarm_IRQHandler
                0x00000000080011c8                TIM1_CC_IRQHandler
                0x00000000080011c8                PVD_IRQHandler
                0x00000000080011c8                ADC1_2_IRQHandler
                0x00000000080011c8                SPI1_IRQHandler
                0x00000000080011c8                TAMPER_IRQHandler
                0x00000000080011c8                DMA1_Channel4_IRQHandler
                0x00000000080011c8                RTC_IRQHandler
                0x00000000080011c8                DMA1_Channel7_IRQHandler
                0x00000000080011c8                CAN1_RX1_IRQHandler
                0x00000000080011c8                I2C1_EV_IRQHandler
                0x00000000080011c8                DMA1_Channel6_IRQHandler
                0x00000000080011c8                TIM3_IRQHandler
                0x00000000080011c8                RCC_IRQHandler
                0x00000000080011c8                TIM1_TRG_COM_IRQHandler
                0x00000000080011c8                DMA1_Channel1_IRQHandler
                0x00000000080011c8                Default_Handler
                0x00000000080011c8                EXTI15_10_IRQHandler
                0x00000000080011c8                DMA1_Channel5_IRQHandler
                0x00000000080011c8                USB_LP_CAN1_RX0_IRQHandler
                0x00000000080011c8                USB_HP_CAN1_TX_IRQHandler
                0x00000000080011c8                DMA1_Channel3_IRQHandler
                0x00000000080011c8                TIM1_UP_IRQHandler
                0x00000000080011c8                WWDG_IRQHandler
                0x00000000080011c8                TIM2_IRQHandler
                0x00000000080011c8                TIM1_BRK_IRQHandler
                0x00000000080011c8                USART2_IRQHandler
                0x00000000080011c8                DMA1_Channel2_IRQHandler
                0x00000000080011c8                CAN1_SCE_IRQHandler
                0x00000000080011c8                FLASH_IRQHandler
                0x00000000080011c8                USART1_IRQHandler
                0x00000000080011c8                I2C1_ER_IRQHandler
                0x00000000080011c8                USBWakeUp_IRQHandler
 *fill*         0x00000000080011ca        0x2 
 .text.HAL_Init
                0x00000000080011cc       0x2c ./Drivers/STM32F1xx_HAL_Driver/Src/stm32f1xx_hal.o
                0x00000000080011cc                HAL_Init
 .text.HAL_InitTick
                0x00000000080011f8       0x60 ./Drivers/STM32F1xx_HAL_Driver/Src/stm32f1xx_hal.o
                0x00000000080011f8                HAL_InitTick
 .text.HAL_IncTick
                0x0000000008001258       0x24 ./Drivers/STM32F1xx_HAL_Driver/Src/stm32f1xx_hal.o
                0x0000000008001258                HAL_IncTick
 .text.HAL_GetTick
                0x000000000800127c       0x14 ./Drivers/STM32F1xx_HAL_Driver/Src/stm32f1xx_hal.o
                0x000000000800127c                HAL_GetTick
 .text.HAL_Delay
                0x0000000008001290       0x48 ./Drivers/STM32F1xx_HAL_Driver/Src/stm32f1xx_hal.o
                0x0000000008001290                HAL_Delay
 .text.__NVIC_SetPriorityGrouping
                0x00000000080012d8       0x48 ./Drivers/STM32F1xx_HAL_Driver/Src/stm32f1xx_hal_cortex.o
 .text.__NVIC_GetPriorityGrouping
                0x0000000008001320       0x1c ./Drivers/STM32F1xx_HAL_Driver/Src/stm32f1xx_hal_cortex.o
 .text.__NVIC_EnableIRQ
                0x000000000800133c       0x38 ./Drivers/STM32F1xx_HAL_Driver/Src/stm32f1xx_hal_cortex.o
 .text.__NVIC_SetPriority
                0x0000000008001374       0x54 ./Drivers/STM32F1xx_HAL_Driver/Src/stm32f1xx_hal_cortex.o
 .text.NVIC_EncodePriority
                0x00000000080013c8       0x64 ./Drivers/STM32F1xx_HAL_Driver/Src/stm32f1xx_hal_cortex.o
 .text.SysTick_Config
                0x000000000800142c       0x44 ./Drivers/STM32F1xx_HAL_Driver/Src/stm32f1xx_hal_cortex.o
 .text.HAL_NVIC_SetPriorityGrouping
                0x0000000008001470       0x16 ./Drivers/STM32F1xx_HAL_Driver/Src/stm32f1xx_hal_cortex.o
                0x0000000008001470                HAL_NVIC_SetPriorityGrouping
 .text.HAL_NVIC_SetPriority
                0x0000000008001486       0x38 ./Drivers/STM32F1xx_HAL_Driver/Src/stm32f1xx_hal_cortex.o
                0x0000000008001486                HAL_NVIC_SetPriority
 .text.HAL_NVIC_EnableIRQ
                0x00000000080014be       0x1c ./Drivers/STM32F1xx_HAL_Driver/Src/stm32f1xx_hal_cortex.o
                0x00000000080014be                HAL_NVIC_EnableIRQ
 .text.HAL_SYSTICK_Config
                0x00000000080014da       0x18 ./Drivers/STM32F1xx_HAL_Driver/Src/stm32f1xx_hal_cortex.o
                0x00000000080014da                HAL_SYSTICK_Config
 *fill*         0x00000000080014f2        0x2 
 .text.HAL_GPIO_Init
                0x00000000080014f4      0x2f8 ./Drivers/STM32F1xx_HAL_Driver/Src/stm32f1xx_hal_gpio.o
                0x00000000080014f4                HAL_GPIO_Init
 .text.HAL_GPIO_WritePin
                0x00000000080017ec       0x30 ./Drivers/STM32F1xx_HAL_Driver/Src/stm32f1xx_hal_gpio.o
                0x00000000080017ec                HAL_GPIO_WritePin
 .text.HAL_GPIO_TogglePin
                0x000000000800181c       0x32 ./Drivers/STM32F1xx_HAL_Driver/Src/stm32f1xx_hal_gpio.o
                0x000000000800181c                HAL_GPIO_TogglePin
 *fill*         0x000000000800184e        0x2 
 .text.HAL_GPIO_EXTI_IRQHandler
                0x0000000008001850       0x30 ./Drivers/STM32F1xx_HAL_Driver/Src/stm32f1xx_hal_gpio.o
                0x0000000008001850                HAL_GPIO_EXTI_IRQHandler
 .text.HAL_I2C_Init
                0x0000000008001880      0x288 ./Drivers/STM32F1xx_HAL_Driver/Src/stm32f1xx_hal_i2c.o
                0x0000000008001880                HAL_I2C_Init
 .text.HAL_I2C_Master_Transmit
                0x0000000008001b08      0x1fc ./Drivers/STM32F1xx_HAL_Driver/Src/stm32f1xx_hal_i2c.o
                0x0000000008001b08                HAL_I2C_Master_Transmit
 .text.I2C_MasterRequestWrite
                0x0000000008001d04      0x104 ./Drivers/STM32F1xx_HAL_Driver/Src/stm32f1xx_hal_i2c.o
 .text.I2C_WaitOnFlagUntilTimeout
                0x0000000008001e08       0xf4 ./Drivers/STM32F1xx_HAL_Driver/Src/stm32f1xx_hal_i2c.o
 .text.I2C_WaitOnMasterAddressFlagUntilTimeout
                0x0000000008001efc      0x140 ./Drivers/STM32F1xx_HAL_Driver/Src/stm32f1xx_hal_i2c.o
 .text.I2C_WaitOnTXEFlagUntilTimeout
                0x000000000800203c       0x90 ./Drivers/STM32F1xx_HAL_Driver/Src/stm32f1xx_hal_i2c.o
 .text.I2C_WaitOnBTFFlagUntilTimeout
                0x00000000080020cc       0x90 ./Drivers/STM32F1xx_HAL_Driver/Src/stm32f1xx_hal_i2c.o
 .text.I2C_IsAcknowledgeFailed
                0x000000000800215c       0x5c ./Drivers/STM32F1xx_HAL_Driver/Src/stm32f1xx_hal_i2c.o
 .text.HAL_RCC_OscConfig
                0x00000000080021b8      0x504 ./Drivers/STM32F1xx_HAL_Driver/Src/stm32f1xx_hal_rcc.o
                0x00000000080021b8                HAL_RCC_OscConfig
 .text.HAL_RCC_ClockConfig
                0x00000000080026bc      0x1d4 ./Drivers/STM32F1xx_HAL_Driver/Src/stm32f1xx_hal_rcc.o
                0x00000000080026bc                HAL_RCC_ClockConfig
 .text.HAL_RCC_GetSysClockFreq
                0x0000000008002890       0xa8 ./Drivers/STM32F1xx_HAL_Driver/Src/stm32f1xx_hal_rcc.o
                0x0000000008002890                HAL_RCC_GetSysClockFreq
 .text.HAL_RCC_GetHCLKFreq
                0x0000000008002938       0x14 ./Drivers/STM32F1xx_HAL_Driver/Src/stm32f1xx_hal_rcc.o
                0x0000000008002938                HAL_RCC_GetHCLKFreq
 .text.HAL_RCC_GetPCLK1Freq
                0x000000000800294c       0x28 ./Drivers/STM32F1xx_HAL_Driver/Src/stm32f1xx_hal_rcc.o
                0x000000000800294c                HAL_RCC_GetPCLK1Freq
 .text.RCC_Delay
                0x0000000008002974       0x3c ./Drivers/STM32F1xx_HAL_Driver/Src/stm32f1xx_hal_rcc.o
 .text.malloc   0x00000000080029b0       0x10 /home/yehor/st/stm32cubeide_1.13.2/plugins/com.st.stm32cube.ide.mcu.externaltools.gnu-tools-for-stm32.11.3.rel1.linux64_1.1.1.202309131626/tools/bin/../lib/gcc/arm-none-eabi/11.3.1/../../../../arm-none-eabi/lib/thumb/v7-m/nofp/libc_nano.a(libc_a-malloc.o)
                0x00000000080029b0                malloc
 .text.free     0x00000000080029c0       0x10 /home/yehor/st/stm32cubeide_1.13.2/plugins/com.st.stm32cube.ide.mcu.externaltools.gnu-tools-for-stm32.11.3.rel1.linux64_1.1.1.202309131626/tools/bin/../lib/gcc/arm-none-eabi/11.3.1/../../../../arm-none-eabi/lib/thumb/v7-m/nofp/libc_nano.a(libc_a-malloc.o)
                0x00000000080029c0                free
 .text.sbrk_aligned
                0x00000000080029d0       0x40 /home/yehor/st/stm32cubeide_1.13.2/plugins/com.st.stm32cube.ide.mcu.externaltools.gnu-tools-for-stm32.11.3.rel1.linux64_1.1.1.202309131626/tools/bin/../lib/gcc/arm-none-eabi/11.3.1/../../../../arm-none-eabi/lib/thumb/v7-m/nofp/libc_nano.a(libc_a-mallocr.o)
 .text._malloc_r
                0x0000000008002a10      0x100 /home/yehor/st/stm32cubeide_1.13.2/plugins/com.st.stm32cube.ide.mcu.externaltools.gnu-tools-for-stm32.11.3.rel1.linux64_1.1.1.202309131626/tools/bin/../lib/gcc/arm-none-eabi/11.3.1/../../../../arm-none-eabi/lib/thumb/v7-m/nofp/libc_nano.a(libc_a-mallocr.o)
                0x0000000008002a10                _malloc_r
 .text.__malloc_lock
                0x0000000008002b10        0xc /home/yehor/st/stm32cubeide_1.13.2/plugins/com.st.stm32cube.ide.mcu.externaltools.gnu-tools-for-stm32.11.3.rel1.linux64_1.1.1.202309131626/tools/bin/../lib/gcc/arm-none-eabi/11.3.1/../../../../arm-none-eabi/lib/thumb/v7-m/nofp/libc_nano.a(libc_a-mlock.o)
                0x0000000008002b10                __malloc_lock
 .text.__malloc_unlock
                0x0000000008002b1c        0xc /home/yehor/st/stm32cubeide_1.13.2/plugins/com.st.stm32cube.ide.mcu.externaltools.gnu-tools-for-stm32.11.3.rel1.linux64_1.1.1.202309131626/tools/bin/../lib/gcc/arm-none-eabi/11.3.1/../../../../arm-none-eabi/lib/thumb/v7-m/nofp/libc_nano.a(libc_a-mlock.o)
                0x0000000008002b1c                __malloc_unlock
 .text.memset   0x0000000008002b28       0x10 /home/yehor/st/stm32cubeide_1.13.2/plugins/com.st.stm32cube.ide.mcu.externaltools.gnu-tools-for-stm32.11.3.rel1.linux64_1.1.1.202309131626/tools/bin/../lib/gcc/arm-none-eabi/11.3.1/../../../../arm-none-eabi/lib/thumb/v7-m/nofp/libc_nano.a(libc_a-memset.o)
                0x0000000008002b28                memset
 .text._sbrk_r  0x0000000008002b38       0x20 /home/yehor/st/stm32cubeide_1.13.2/plugins/com.st.stm32cube.ide.mcu.externaltools.gnu-tools-for-stm32.11.3.rel1.linux64_1.1.1.202309131626/tools/bin/../lib/gcc/arm-none-eabi/11.3.1/../../../../arm-none-eabi/lib/thumb/v7-m/nofp/libc_nano.a(libc_a-sbrkr.o)
                0x0000000008002b38                _sbrk_r
 .text.__errno  0x0000000008002b58        0xc /home/yehor/st/stm32cubeide_1.13.2/plugins/com.st.stm32cube.ide.mcu.externaltools.gnu-tools-for-stm32.11.3.rel1.linux64_1.1.1.202309131626/tools/bin/../lib/gcc/arm-none-eabi/11.3.1/../../../../arm-none-eabi/lib/thumb/v7-m/nofp/libc_nano.a(libc_a-errno.o)
                0x0000000008002b58                __errno
 .text.__libc_init_array
                0x0000000008002b64       0x48 /home/yehor/st/stm32cubeide_1.13.2/plugins/com.st.stm32cube.ide.mcu.externaltools.gnu-tools-for-stm32.11.3.rel1.linux64_1.1.1.202309131626/tools/bin/../lib/gcc/arm-none-eabi/11.3.1/../../../../arm-none-eabi/lib/thumb/v7-m/nofp/libc_nano.a(libc_a-init.o)
                0x0000000008002b64                __libc_init_array
 .text.__retarget_lock_acquire_recursive
                0x0000000008002bac        0x2 /home/yehor/st/stm32cubeide_1.13.2/plugins/com.st.stm32cube.ide.mcu.externaltools.gnu-tools-for-stm32.11.3.rel1.linux64_1.1.1.202309131626/tools/bin/../lib/gcc/arm-none-eabi/11.3.1/../../../../arm-none-eabi/lib/thumb/v7-m/nofp/libc_nano.a(libc_a-lock.o)
                0x0000000008002bac                __retarget_lock_acquire_recursive
 .text.__retarget_lock_release_recursive
                0x0000000008002bae        0x2 /home/yehor/st/stm32cubeide_1.13.2/plugins/com.st.stm32cube.ide.mcu.externaltools.gnu-tools-for-stm32.11.3.rel1.linux64_1.1.1.202309131626/tools/bin/../lib/gcc/arm-none-eabi/11.3.1/../../../../arm-none-eabi/lib/thumb/v7-m/nofp/libc_nano.a(libc_a-lock.o)
                0x0000000008002bae                __retarget_lock_release_recursive
 .text._free_r  0x0000000008002bb0       0x90 /home/yehor/st/stm32cubeide_1.13.2/plugins/com.st.stm32cube.ide.mcu.externaltools.gnu-tools-for-stm32.11.3.rel1.linux64_1.1.1.202309131626/tools/bin/../lib/gcc/arm-none-eabi/11.3.1/../../../../arm-none-eabi/lib/thumb/v7-m/nofp/libc_nano.a(libc_a-freer.o)
                0x0000000008002bb0                _free_r
 *(.glue_7)
 .glue_7        0x0000000008002c40        0x0 linker stubs
 *(.glue_7t)
 .glue_7t       0x0000000008002c40        0x0 linker stubs
 *(.eh_frame)
 .eh_frame      0x0000000008002c40        0x0 /home/yehor/st/stm32cubeide_1.13.2/plugins/com.st.stm32cube.ide.mcu.externaltools.gnu-tools-for-stm32.11.3.rel1.linux64_1.1.1.202309131626/tools/bin/../lib/gcc/arm-none-eabi/11.3.1/thumb/v7-m/nofp/crtbegin.o
 *(.init)
 .init          0x0000000008002c40        0x4 /home/yehor/st/stm32cubeide_1.13.2/plugins/com.st.stm32cube.ide.mcu.externaltools.gnu-tools-for-stm32.11.3.rel1.linux64_1.1.1.202309131626/tools/bin/../lib/gcc/arm-none-eabi/11.3.1/thumb/v7-m/nofp/crti.o
                0x0000000008002c40                _init
 .init          0x0000000008002c44        0x8 /home/yehor/st/stm32cubeide_1.13.2/plugins/com.st.stm32cube.ide.mcu.externaltools.gnu-tools-for-stm32.11.3.rel1.linux64_1.1.1.202309131626/tools/bin/../lib/gcc/arm-none-eabi/11.3.1/thumb/v7-m/nofp/crtn.o
 *(.fini)
 .fini          0x0000000008002c4c        0x4 /home/yehor/st/stm32cubeide_1.13.2/plugins/com.st.stm32cube.ide.mcu.externaltools.gnu-tools-for-stm32.11.3.rel1.linux64_1.1.1.202309131626/tools/bin/../lib/gcc/arm-none-eabi/11.3.1/thumb/v7-m/nofp/crti.o
                0x0000000008002c4c                _fini
 .fini          0x0000000008002c50        0x8 /home/yehor/st/stm32cubeide_1.13.2/plugins/com.st.stm32cube.ide.mcu.externaltools.gnu-tools-for-stm32.11.3.rel1.linux64_1.1.1.202309131626/tools/bin/../lib/gcc/arm-none-eabi/11.3.1/thumb/v7-m/nofp/crtn.o
                0x0000000008002c58                . = ALIGN (0x4)
                0x0000000008002c58                _etext = .

.vfp11_veneer   0x0000000008002c58        0x0
 .vfp11_veneer  0x0000000008002c58        0x0 linker stubs

.v4_bx          0x0000000008002c58        0x0
 .v4_bx         0x0000000008002c58        0x0 linker stubs

.iplt           0x0000000008002c58        0x0
 .iplt          0x0000000008002c58        0x0 /home/yehor/st/stm32cubeide_1.13.2/plugins/com.st.stm32cube.ide.mcu.externaltools.gnu-tools-for-stm32.11.3.rel1.linux64_1.1.1.202309131626/tools/bin/../lib/gcc/arm-none-eabi/11.3.1/thumb/v7-m/nofp/crtbegin.o

.rodata         0x0000000008002c58       0x2c
                0x0000000008002c58                . = ALIGN (0x4)
 *(.rodata)
 *(.rodata*)
 .rodata.AHBPrescTable
                0x0000000008002c58       0x10 ./Core/Src/system_stm32f1xx.o
                0x0000000008002c58                AHBPrescTable
 .rodata.APBPrescTable
                0x0000000008002c68        0x8 ./Core/Src/system_stm32f1xx.o
                0x0000000008002c68                APBPrescTable
 .rodata.aPLLMULFactorTable.1
                0x0000000008002c70       0x10 ./Drivers/STM32F1xx_HAL_Driver/Src/stm32f1xx_hal_rcc.o
 .rodata.aPredivFactorTable.0
                0x0000000008002c80        0x2 ./Drivers/STM32F1xx_HAL_Driver/Src/stm32f1xx_hal_rcc.o
                0x0000000008002c84                . = ALIGN (0x4)
 *fill*         0x0000000008002c82        0x2 

.rel.dyn        0x0000000008002c84        0x0
 .rel.iplt      0x0000000008002c84        0x0 /home/yehor/st/stm32cubeide_1.13.2/plugins/com.st.stm32cube.ide.mcu.externaltools.gnu-tools-for-stm32.11.3.rel1.linux64_1.1.1.202309131626/tools/bin/../lib/gcc/arm-none-eabi/11.3.1/thumb/v7-m/nofp/crtbegin.o

.ARM.extab      0x0000000008002c84        0x0
                0x0000000008002c84                . = ALIGN (0x4)
 *(.ARM.extab* .gnu.linkonce.armextab.*)
                0x0000000008002c84                . = ALIGN (0x4)

.ARM            0x0000000008002c84        0x0
                0x0000000008002c84                . = ALIGN (0x4)
                0x0000000008002c84                __exidx_start = .
 *(.ARM.exidx*)
                0x0000000008002c84                __exidx_end = .
                0x0000000008002c84                . = ALIGN (0x4)

.preinit_array  0x0000000008002c84        0x0
                0x0000000008002c84                . = ALIGN (0x4)
                0x0000000008002c84                PROVIDE (__preinit_array_start = .)
 *(.preinit_array*)
                0x0000000008002c84                PROVIDE (__preinit_array_end = .)
                0x0000000008002c84                . = ALIGN (0x4)

.init_array     0x0000000008002c84        0x4
                0x0000000008002c84                . = ALIGN (0x4)
                0x0000000008002c84                PROVIDE (__init_array_start = .)
 *(SORT_BY_NAME(.init_array.*))
 *(.init_array*)
 .init_array    0x0000000008002c84        0x4 /home/yehor/st/stm32cubeide_1.13.2/plugins/com.st.stm32cube.ide.mcu.externaltools.gnu-tools-for-stm32.11.3.rel1.linux64_1.1.1.202309131626/tools/bin/../lib/gcc/arm-none-eabi/11.3.1/thumb/v7-m/nofp/crtbegin.o
                0x0000000008002c88                PROVIDE (__init_array_end = .)
                0x0000000008002c88                . = ALIGN (0x4)

.fini_array     0x0000000008002c88        0x4
                0x0000000008002c88                . = ALIGN (0x4)
                [!provide]                        PROVIDE (__fini_array_start = .)
 *(SORT_BY_NAME(.fini_array.*))
 *(.fini_array*)
 .fini_array    0x0000000008002c88        0x4 /home/yehor/st/stm32cubeide_1.13.2/plugins/com.st.stm32cube.ide.mcu.externaltools.gnu-tools-for-stm32.11.3.rel1.linux64_1.1.1.202309131626/tools/bin/../lib/gcc/arm-none-eabi/11.3.1/thumb/v7-m/nofp/crtbegin.o
                [!provide]                        PROVIDE (__fini_array_end = .)
                0x0000000008002c8c                . = ALIGN (0x4)
                0x0000000008002c8c                _sidata = LOADADDR (.data)

.data           0x0000000020000000       0x70 load address 0x0000000008002c8c
                0x0000000020000000                . = ALIGN (0x4)
                0x0000000020000000                _sdata = .
 *(.data)
 *(.data*)
 .data.pages    0x0000000020000000       0x12 ./Core/Src/main.o
                0x0000000020000000                pages
 *fill*         0x0000000020000012        0x2 
 .data.SystemCoreClock
                0x0000000020000014        0x4 ./Core/Src/system_stm32f1xx.o
                0x0000000020000014                SystemCoreClock
 .data.uwTickPrio
                0x0000000020000018        0x4 ./Drivers/STM32F1xx_HAL_Driver/Src/stm32f1xx_hal.o
                0x0000000020000018                uwTickPrio
 .data.uwTickFreq
                0x000000002000001c        0x1 ./Drivers/STM32F1xx_HAL_Driver/Src/stm32f1xx_hal.o
                0x000000002000001c                uwTickFreq
 *fill*         0x000000002000001d        0x3 
 .data._impure_data
                0x0000000020000020       0x4c /home/yehor/st/stm32cubeide_1.13.2/plugins/com.st.stm32cube.ide.mcu.externaltools.gnu-tools-for-stm32.11.3.rel1.linux64_1.1.1.202309131626/tools/bin/../lib/gcc/arm-none-eabi/11.3.1/../../../../arm-none-eabi/lib/thumb/v7-m/nofp/libc_nano.a(libc_a-impure.o)
                0x0000000020000020                _impure_data
 .data._impure_ptr
                0x000000002000006c        0x4 /home/yehor/st/stm32cubeide_1.13.2/plugins/com.st.stm32cube.ide.mcu.externaltools.gnu-tools-for-stm32.11.3.rel1.linux64_1.1.1.202309131626/tools/bin/../lib/gcc/arm-none-eabi/11.3.1/../../../../arm-none-eabi/lib/thumb/v7-m/nofp/libc_nano.a(libc_a-impure.o)
                0x000000002000006c                _impure_ptr
 *(.RamFunc)
 *(.RamFunc*)
                0x0000000020000070                . = ALIGN (0x4)
                0x0000000020000070                _edata = .

.igot.plt       0x0000000020000070        0x0 load address 0x0000000008002cfc
 .igot.plt      0x0000000020000070        0x0 /home/yehor/st/stm32cubeide_1.13.2/plugins/com.st.stm32cube.ide.mcu.externaltools.gnu-tools-for-stm32.11.3.rel1.linux64_1.1.1.202309131626/tools/bin/../lib/gcc/arm-none-eabi/11.3.1/thumb/v7-m/nofp/crtbegin.o
                0x0000000020000070                . = ALIGN (0x4)

.bss            0x0000000020000070      0x1f4 load address 0x0000000008002cfc
                0x0000000020000070                _sbss = .
                0x0000000020000070                __bss_start__ = _sbss
 *(.bss)
 .bss           0x0000000020000070       0x1c /home/yehor/st/stm32cubeide_1.13.2/plugins/com.st.stm32cube.ide.mcu.externaltools.gnu-tools-for-stm32.11.3.rel1.linux64_1.1.1.202309131626/tools/bin/../lib/gcc/arm-none-eabi/11.3.1/thumb/v7-m/nofp/crtbegin.o
 *(.bss*)
 .bss.hi2c1Ptr_
                0x000000002000008c        0x4 ./Core/Src/lcddisplay.o
 .bss.LCDdisplayOn_
                0x0000000020000090        0x1 ./Core/Src/lcddisplay.o
 .bss.LCDcursorOn_
                0x0000000020000091        0x1 ./Core/Src/lcddisplay.o
 .bss.LCDblinkOn_
                0x0000000020000092        0x1 ./Core/Src/lcddisplay.o
 *fill*         0x0000000020000093        0x1 
 .bss.hi2c1     0x0000000020000094       0x54 ./Core/Src/main.o
                0x0000000020000094                hi2c1
 .bss.page      0x00000000200000e8        0x1 ./Core/Src/main.o
                0x00000000200000e8                page
 *fill*         0x00000000200000e9        0x3 
 .bss.expression
                0x00000000200000ec       0x20 ./Core/Src/main.o
                0x00000000200000ec                expression
 .bss.cursor    0x000000002000010c        0x1 ./Core/Src/main.o
                0x000000002000010c                cursor
 .bss.shift     0x000000002000010d        0x1 ./Core/Src/main.o
                0x000000002000010d                shift
 .bss.filled    0x000000002000010e        0x1 ./Core/Src/main.o
                0x000000002000010e                filled
 .bss.redraw    0x000000002000010f        0x1 ./Core/Src/main.o
                0x000000002000010f                redraw
 .bss.redrawmenu
                0x0000000020000110        0x1 ./Core/Src/main.o
                0x0000000020000110                redrawmenu
 .bss.buttonbeingpressed
                0x0000000020000111        0x1 ./Core/Src/main.o
                0x0000000020000111                buttonbeingpressed
 *fill*         0x0000000020000112        0x2 
 .bss.__sbrk_heap_end
                0x0000000020000114        0x4 ./Core/Src/sysmem.o
 .bss.uwTick    0x0000000020000118        0x4 ./Drivers/STM32F1xx_HAL_Driver/Src/stm32f1xx_hal.o
                0x0000000020000118                uwTick
 .bss.__malloc_free_list
                0x000000002000011c        0x4 /home/yehor/st/stm32cubeide_1.13.2/plugins/com.st.stm32cube.ide.mcu.externaltools.gnu-tools-for-stm32.11.3.rel1.linux64_1.1.1.202309131626/tools/bin/../lib/gcc/arm-none-eabi/11.3.1/../../../../arm-none-eabi/lib/thumb/v7-m/nofp/libc_nano.a(libc_a-mallocr.o)
                0x000000002000011c                __malloc_free_list
 .bss.__malloc_sbrk_start
                0x0000000020000120        0x4 /home/yehor/st/stm32cubeide_1.13.2/plugins/com.st.stm32cube.ide.mcu.externaltools.gnu-tools-for-stm32.11.3.rel1.linux64_1.1.1.202309131626/tools/bin/../lib/gcc/arm-none-eabi/11.3.1/../../../../arm-none-eabi/lib/thumb/v7-m/nofp/libc_nano.a(libc_a-mallocr.o)
                0x0000000020000120                __malloc_sbrk_start
 .bss.__sf      0x0000000020000124      0x138 /home/yehor/st/stm32cubeide_1.13.2/plugins/com.st.stm32cube.ide.mcu.externaltools.gnu-tools-for-stm32.11.3.rel1.linux64_1.1.1.202309131626/tools/bin/../lib/gcc/arm-none-eabi/11.3.1/../../../../arm-none-eabi/lib/thumb/v7-m/nofp/libc_nano.a(libc_a-findfp.o)
                0x0000000020000124                __sf
 .bss.errno     0x000000002000025c        0x4 /home/yehor/st/stm32cubeide_1.13.2/plugins/com.st.stm32cube.ide.mcu.externaltools.gnu-tools-for-stm32.11.3.rel1.linux64_1.1.1.202309131626/tools/bin/../lib/gcc/arm-none-eabi/11.3.1/../../../../arm-none-eabi/lib/thumb/v7-m/nofp/libc_nano.a(libc_a-reent.o)
                0x000000002000025c                errno
 .bss.__lock___malloc_recursive_mutex
                0x0000000020000260        0x1 /home/yehor/st/stm32cubeide_1.13.2/plugins/com.st.stm32cube.ide.mcu.externaltools.gnu-tools-for-stm32.11.3.rel1.linux64_1.1.1.202309131626/tools/bin/../lib/gcc/arm-none-eabi/11.3.1/../../../../arm-none-eabi/lib/thumb/v7-m/nofp/libc_nano.a(libc_a-lock.o)
                0x0000000020000260                __lock___malloc_recursive_mutex
 *(COMMON)
                0x0000000020000264                . = ALIGN (0x4)
 *fill*         0x0000000020000261        0x3 
                0x0000000020000264                _ebss = .
                0x0000000020000264                __bss_end__ = _ebss

._user_heap_stack
                0x0000000020000264      0x604 load address 0x0000000008002cfc
                0x0000000020000268                . = ALIGN (0x8)
 *fill*         0x0000000020000264        0x4 
                [!provide]                        PROVIDE (end = .)
                0x0000000020000268                PROVIDE (_end = .)
                0x0000000020000468                . = (. + _Min_Heap_Size)
 *fill*         0x0000000020000268      0x200 
                0x0000000020000868                . = (. + _Min_Stack_Size)
 *fill*         0x0000000020000468      0x400 
                0x0000000020000868                . = ALIGN (0x8)

/DISCARD/
 libc.a(*)
 libm.a(*)
 libgcc.a(*)

.ARM.attributes
                0x0000000000000000       0x29
 *(.ARM.attributes)
 .ARM.attributes
                0x0000000000000000       0x1d /home/yehor/st/stm32cubeide_1.13.2/plugins/com.st.stm32cube.ide.mcu.externaltools.gnu-tools-for-stm32.11.3.rel1.linux64_1.1.1.202309131626/tools/bin/../lib/gcc/arm-none-eabi/11.3.1/thumb/v7-m/nofp/crti.o
 .ARM.attributes
                0x000000000000001d       0x2d /home/yehor/st/stm32cubeide_1.13.2/plugins/com.st.stm32cube.ide.mcu.externaltools.gnu-tools-for-stm32.11.3.rel1.linux64_1.1.1.202309131626/tools/bin/../lib/gcc/arm-none-eabi/11.3.1/thumb/v7-m/nofp/crtbegin.o
 .ARM.attributes
                0x000000000000004a       0x2d ./Core/Src/calculator2.o
 .ARM.attributes
                0x0000000000000077       0x2d ./Core/Src/gui.o
 .ARM.attributes
                0x00000000000000a4       0x2d ./Core/Src/lcddisplay.o
 .ARM.attributes
                0x00000000000000d1       0x2d ./Core/Src/main.o
 .ARM.attributes
                0x00000000000000fe       0x2d ./Core/Src/stm32f1xx_hal_msp.o
 .ARM.attributes
                0x000000000000012b       0x2d ./Core/Src/stm32f1xx_it.o
 .ARM.attributes
                0x0000000000000158       0x2d ./Core/Src/sysmem.o
 .ARM.attributes
                0x0000000000000185       0x2d ./Core/Src/system_stm32f1xx.o
 .ARM.attributes
                0x00000000000001b2       0x21 ./Core/Startup/startup_stm32f103c6tx.o
 .ARM.attributes
                0x00000000000001d3       0x2d ./Drivers/STM32F1xx_HAL_Driver/Src/stm32f1xx_hal.o
 .ARM.attributes
                0x0000000000000200       0x2d ./Drivers/STM32F1xx_HAL_Driver/Src/stm32f1xx_hal_cortex.o
 .ARM.attributes
                0x000000000000022d       0x2d ./Drivers/STM32F1xx_HAL_Driver/Src/stm32f1xx_hal_gpio.o
 .ARM.attributes
                0x000000000000025a       0x2d ./Drivers/STM32F1xx_HAL_Driver/Src/stm32f1xx_hal_i2c.o
 .ARM.attributes
                0x0000000000000287       0x2d ./Drivers/STM32F1xx_HAL_Driver/Src/stm32f1xx_hal_rcc.o
 .ARM.attributes
                0x00000000000002b4       0x2d /home/yehor/st/stm32cubeide_1.13.2/plugins/com.st.stm32cube.ide.mcu.externaltools.gnu-tools-for-stm32.11.3.rel1.linux64_1.1.1.202309131626/tools/bin/../lib/gcc/arm-none-eabi/11.3.1/../../../../arm-none-eabi/lib/thumb/v7-m/nofp/libc_nano.a(libc_a-malloc.o)
 .ARM.attributes
                0x00000000000002e1       0x2d /home/yehor/st/stm32cubeide_1.13.2/plugins/com.st.stm32cube.ide.mcu.externaltools.gnu-tools-for-stm32.11.3.rel1.linux64_1.1.1.202309131626/tools/bin/../lib/gcc/arm-none-eabi/11.3.1/../../../../arm-none-eabi/lib/thumb/v7-m/nofp/libc_nano.a(libc_a-mallocr.o)
 .ARM.attributes
                0x000000000000030e       0x2d /home/yehor/st/stm32cubeide_1.13.2/plugins/com.st.stm32cube.ide.mcu.externaltools.gnu-tools-for-stm32.11.3.rel1.linux64_1.1.1.202309131626/tools/bin/../lib/gcc/arm-none-eabi/11.3.1/../../../../arm-none-eabi/lib/thumb/v7-m/nofp/libc_nano.a(libc_a-mlock.o)
 .ARM.attributes
                0x000000000000033b       0x2d /home/yehor/st/stm32cubeide_1.13.2/plugins/com.st.stm32cube.ide.mcu.externaltools.gnu-tools-for-stm32.11.3.rel1.linux64_1.1.1.202309131626/tools/bin/../lib/gcc/arm-none-eabi/11.3.1/../../../../arm-none-eabi/lib/thumb/v7-m/nofp/libc_nano.a(libc_a-findfp.o)
 .ARM.attributes
                0x0000000000000368       0x2d /home/yehor/st/stm32cubeide_1.13.2/plugins/com.st.stm32cube.ide.mcu.externaltools.gnu-tools-for-stm32.11.3.rel1.linux64_1.1.1.202309131626/tools/bin/../lib/gcc/arm-none-eabi/11.3.1/../../../../arm-none-eabi/lib/thumb/v7-m/nofp/libc_nano.a(libc_a-memset.o)
 .ARM.attributes
                0x0000000000000395       0x2d /home/yehor/st/stm32cubeide_1.13.2/plugins/com.st.stm32cube.ide.mcu.externaltools.gnu-tools-for-stm32.11.3.rel1.linux64_1.1.1.202309131626/tools/bin/../lib/gcc/arm-none-eabi/11.3.1/../../../../arm-none-eabi/lib/thumb/v7-m/nofp/libc_nano.a(libc_a-reent.o)
 .ARM.attributes
                0x00000000000003c2       0x2d /home/yehor/st/stm32cubeide_1.13.2/plugins/com.st.stm32cube.ide.mcu.externaltools.gnu-tools-for-stm32.11.3.rel1.linux64_1.1.1.202309131626/tools/bin/../lib/gcc/arm-none-eabi/11.3.1/../../../../arm-none-eabi/lib/thumb/v7-m/nofp/libc_nano.a(libc_a-impure.o)
 .ARM.attributes
                0x00000000000003ef       0x2d /home/yehor/st/stm32cubeide_1.13.2/plugins/com.st.stm32cube.ide.mcu.externaltools.gnu-tools-for-stm32.11.3.rel1.linux64_1.1.1.202309131626/tools/bin/../lib/gcc/arm-none-eabi/11.3.1/../../../../arm-none-eabi/lib/thumb/v7-m/nofp/libc_nano.a(libc_a-sbrkr.o)
 .ARM.attributes
                0x000000000000041c       0x2d /home/yehor/st/stm32cubeide_1.13.2/plugins/com.st.stm32cube.ide.mcu.externaltools.gnu-tools-for-stm32.11.3.rel1.linux64_1.1.1.202309131626/tools/bin/../lib/gcc/arm-none-eabi/11.3.1/../../../../arm-none-eabi/lib/thumb/v7-m/nofp/libc_nano.a(libc_a-errno.o)
 .ARM.attributes
                0x0000000000000449       0x2d /home/yehor/st/stm32cubeide_1.13.2/plugins/com.st.stm32cube.ide.mcu.externaltools.gnu-tools-for-stm32.11.3.rel1.linux64_1.1.1.202309131626/tools/bin/../lib/gcc/arm-none-eabi/11.3.1/../../../../arm-none-eabi/lib/thumb/v7-m/nofp/libc_nano.a(libc_a-init.o)
 .ARM.attributes
                0x0000000000000476       0x2d /home/yehor/st/stm32cubeide_1.13.2/plugins/com.st.stm32cube.ide.mcu.externaltools.gnu-tools-for-stm32.11.3.rel1.linux64_1.1.1.202309131626/tools/bin/../lib/gcc/arm-none-eabi/11.3.1/../../../../arm-none-eabi/lib/thumb/v7-m/nofp/libc_nano.a(libc_a-lock.o)
 .ARM.attributes
                0x00000000000004a3       0x2d /home/yehor/st/stm32cubeide_1.13.2/plugins/com.st.stm32cube.ide.mcu.externaltools.gnu-tools-for-stm32.11.3.rel1.linux64_1.1.1.202309131626/tools/bin/../lib/gcc/arm-none-eabi/11.3.1/../../../../arm-none-eabi/lib/thumb/v7-m/nofp/libc_nano.a(libc_a-freer.o)
 .ARM.attributes
                0x00000000000004d0       0x1d /home/yehor/st/stm32cubeide_1.13.2/plugins/com.st.stm32cube.ide.mcu.externaltools.gnu-tools-for-stm32.11.3.rel1.linux64_1.1.1.202309131626/tools/bin/../lib/gcc/arm-none-eabi/11.3.1/thumb/v7-m/nofp/crtn.o
OUTPUT(pr3.elf elf32-littlearm)
LOAD linker stubs
LOAD /home/yehor/st/stm32cubeide_1.13.2/plugins/com.st.stm32cube.ide.mcu.externaltools.gnu-tools-for-stm32.11.3.rel1.linux64_1.1.1.202309131626/tools/bin/../lib/gcc/arm-none-eabi/11.3.1/../../../../arm-none-eabi/lib/thumb/v7-m/nofp/libc.a
LOAD /home/yehor/st/stm32cubeide_1.13.2/plugins/com.st.stm32cube.ide.mcu.externaltools.gnu-tools-for-stm32.11.3.rel1.linux64_1.1.1.202309131626/tools/bin/../lib/gcc/arm-none-eabi/11.3.1/../../../../arm-none-eabi/lib/thumb/v7-m/nofp/libm.a
LOAD /home/yehor/st/stm32cubeide_1.13.2/plugins/com.st.stm32cube.ide.mcu.externaltools.gnu-tools-for-stm32.11.3.rel1.linux64_1.1.1.202309131626/tools/bin/../lib/gcc/arm-none-eabi/11.3.1/thumb/v7-m/nofp/libgcc.a

.comment        0x0000000000000000       0x43
 .comment       0x0000000000000000       0x43 /home/yehor/st/stm32cubeide_1.13.2/plugins/com.st.stm32cube.ide.mcu.externaltools.gnu-tools-for-stm32.11.3.rel1.linux64_1.1.1.202309131626/tools/bin/../lib/gcc/arm-none-eabi/11.3.1/thumb/v7-m/nofp/crtbegin.o
                                         0x44 (size before relaxing)
 .comment       0x0000000000000043       0x44 ./Core/Src/calculator2.o
 .comment       0x0000000000000043       0x44 ./Core/Src/gui.o
 .comment       0x0000000000000043       0x44 ./Core/Src/lcddisplay.o
 .comment       0x0000000000000043       0x44 ./Core/Src/main.o
 .comment       0x0000000000000043       0x44 ./Core/Src/stm32f1xx_hal_msp.o
 .comment       0x0000000000000043       0x44 ./Core/Src/stm32f1xx_it.o
 .comment       0x0000000000000043       0x44 ./Core/Src/sysmem.o
 .comment       0x0000000000000043       0x44 ./Core/Src/system_stm32f1xx.o
 .comment       0x0000000000000043       0x44 ./Drivers/STM32F1xx_HAL_Driver/Src/stm32f1xx_hal.o
 .comment       0x0000000000000043       0x44 ./Drivers/STM32F1xx_HAL_Driver/Src/stm32f1xx_hal_cortex.o
 .comment       0x0000000000000043       0x44 ./Drivers/STM32F1xx_HAL_Driver/Src/stm32f1xx_hal_gpio.o
 .comment       0x0000000000000043       0x44 ./Drivers/STM32F1xx_HAL_Driver/Src/stm32f1xx_hal_i2c.o
 .comment       0x0000000000000043       0x44 ./Drivers/STM32F1xx_HAL_Driver/Src/stm32f1xx_hal_rcc.o

.debug_info     0x0000000000000000     0x7686
 .debug_info    0x0000000000000000      0x6ba ./Core/Src/calculator2.o
 .debug_info    0x00000000000006ba      0x82c ./Core/Src/gui.o
 .debug_info    0x0000000000000ee6      0x807 ./Core/Src/lcddisplay.o
 .debug_info    0x00000000000016ed      0xe26 ./Core/Src/main.o
 .debug_info    0x0000000000002513      0x845 ./Core/Src/stm32f1xx_hal_msp.o
 .debug_info    0x0000000000002d58      0x19d ./Core/Src/stm32f1xx_it.o
 .debug_info    0x0000000000002ef5      0x168 ./Core/Src/sysmem.o
 .debug_info    0x000000000000305d      0x222 ./Core/Src/system_stm32f1xx.o
 .debug_info    0x000000000000327f       0x23 ./Core/Startup/startup_stm32f103c6tx.o
 .debug_info    0x00000000000032a2      0x6e6 ./Drivers/STM32F1xx_HAL_Driver/Src/stm32f1xx_hal.o
 .debug_info    0x0000000000003988      0xa69 ./Drivers/STM32F1xx_HAL_Driver/Src/stm32f1xx_hal_cortex.o
 .debug_info    0x00000000000043f1      0x5ab ./Drivers/STM32F1xx_HAL_Driver/Src/stm32f1xx_hal_gpio.o
 .debug_info    0x000000000000499c     0x2515 ./Drivers/STM32F1xx_HAL_Driver/Src/stm32f1xx_hal_i2c.o
 .debug_info    0x0000000000006eb1      0x7d5 ./Drivers/STM32F1xx_HAL_Driver/Src/stm32f1xx_hal_rcc.o

.debug_abbrev   0x0000000000000000     0x1898
 .debug_abbrev  0x0000000000000000      0x1ee ./Core/Src/calculator2.o
 .debug_abbrev  0x00000000000001ee      0x1b6 ./Core/Src/gui.o
 .debug_abbrev  0x00000000000003a4      0x1bc ./Core/Src/lcddisplay.o
 .debug_abbrev  0x0000000000000560      0x2b4 ./Core/Src/main.o
 .debug_abbrev  0x0000000000000814      0x1a3 ./Core/Src/stm32f1xx_hal_msp.o
 .debug_abbrev  0x00000000000009b7       0xbb ./Core/Src/stm32f1xx_it.o
 .debug_abbrev  0x0000000000000a72       0xbc ./Core/Src/sysmem.o
 .debug_abbrev  0x0000000000000b2e      0x13f ./Core/Src/system_stm32f1xx.o
 .debug_abbrev  0x0000000000000c6d       0x12 ./Core/Startup/startup_stm32f103c6tx.o
 .debug_abbrev  0x0000000000000c7f      0x201 ./Drivers/STM32F1xx_HAL_Driver/Src/stm32f1xx_hal.o
 .debug_abbrev  0x0000000000000e80      0x2f8 ./Drivers/STM32F1xx_HAL_Driver/Src/stm32f1xx_hal_cortex.o
 .debug_abbrev  0x0000000000001178      0x1ca ./Drivers/STM32F1xx_HAL_Driver/Src/stm32f1xx_hal_gpio.o
 .debug_abbrev  0x0000000000001342      0x2a3 ./Drivers/STM32F1xx_HAL_Driver/Src/stm32f1xx_hal_i2c.o
 .debug_abbrev  0x00000000000015e5      0x2b3 ./Drivers/STM32F1xx_HAL_Driver/Src/stm32f1xx_hal_rcc.o

.debug_aranges  0x0000000000000000      0x818
 .debug_aranges
                0x0000000000000000       0x78 ./Core/Src/calculator2.o
 .debug_aranges
                0x0000000000000078       0x48 ./Core/Src/gui.o
 .debug_aranges
                0x00000000000000c0       0x70 ./Core/Src/lcddisplay.o
 .debug_aranges
                0x0000000000000130       0x48 ./Core/Src/main.o
 .debug_aranges
                0x0000000000000178       0x30 ./Core/Src/stm32f1xx_hal_msp.o
 .debug_aranges
                0x00000000000001a8       0x90 ./Core/Src/stm32f1xx_it.o
 .debug_aranges
                0x0000000000000238       0x20 ./Core/Src/sysmem.o
 .debug_aranges
                0x0000000000000258       0x28 ./Core/Src/system_stm32f1xx.o
 .debug_aranges
                0x0000000000000280       0x28 ./Core/Startup/startup_stm32f103c6tx.o
 .debug_aranges
                0x00000000000002a8       0xe0 ./Drivers/STM32F1xx_HAL_Driver/Src/stm32f1xx_hal.o
 .debug_aranges
                0x0000000000000388      0x100 ./Drivers/STM32F1xx_HAL_Driver/Src/stm32f1xx_hal_cortex.o
 .debug_aranges
                0x0000000000000488       0x58 ./Drivers/STM32F1xx_HAL_Driver/Src/stm32f1xx_hal_gpio.o
 .debug_aranges
                0x00000000000004e0      0x2a8 ./Drivers/STM32F1xx_HAL_Driver/Src/stm32f1xx_hal_i2c.o
 .debug_aranges
                0x0000000000000788       0x90 ./Drivers/STM32F1xx_HAL_Driver/Src/stm32f1xx_hal_rcc.o

.debug_rnglists
                0x0000000000000000      0x626
 .debug_rnglists
                0x0000000000000000       0x5d ./Core/Src/calculator2.o
 .debug_rnglists
                0x000000000000005d       0x33 ./Core/Src/gui.o
 .debug_rnglists
                0x0000000000000090       0x50 ./Core/Src/lcddisplay.o
 .debug_rnglists
                0x00000000000000e0       0x34 ./Core/Src/main.o
 .debug_rnglists
                0x0000000000000114       0x20 ./Core/Src/stm32f1xx_hal_msp.o
 .debug_rnglists
                0x0000000000000134       0x67 ./Core/Src/stm32f1xx_it.o
 .debug_rnglists
                0x000000000000019b       0x13 ./Core/Src/sysmem.o
 .debug_rnglists
                0x00000000000001ae       0x1a ./Core/Src/system_stm32f1xx.o
 .debug_rnglists
                0x00000000000001c8       0x19 ./Core/Startup/startup_stm32f103c6tx.o
 .debug_rnglists
                0x00000000000001e1       0xa3 ./Drivers/STM32F1xx_HAL_Driver/Src/stm32f1xx_hal.o
 .debug_rnglists
                0x0000000000000284       0xbb ./Drivers/STM32F1xx_HAL_Driver/Src/stm32f1xx_hal_cortex.o
 .debug_rnglists
                0x000000000000033f       0x3f ./Drivers/STM32F1xx_HAL_Driver/Src/stm32f1xx_hal_gpio.o
 .debug_rnglists
                0x000000000000037e      0x23c ./Drivers/STM32F1xx_HAL_Driver/Src/stm32f1xx_hal_i2c.o
 .debug_rnglists
                0x00000000000005ba       0x6c ./Drivers/STM32F1xx_HAL_Driver/Src/stm32f1xx_hal_rcc.o

.debug_macro    0x0000000000000000    0x16d20
 .debug_macro   0x0000000000000000      0x142 ./Core/Src/calculator2.o
 .debug_macro   0x0000000000000142      0xa9c ./Core/Src/calculator2.o
 .debug_macro   0x0000000000000bde       0x22 ./Core/Src/calculator2.o
 .debug_macro   0x0000000000000c00       0x8e ./Core/Src/calculator2.o
 .debug_macro   0x0000000000000c8e       0x51 ./Core/Src/calculator2.o
 .debug_macro   0x0000000000000cdf      0x103 ./Core/Src/calculator2.o
 .debug_macro   0x0000000000000de2       0x6a ./Core/Src/calculator2.o
 .debug_macro   0x0000000000000e4c      0x1df ./Core/Src/calculator2.o
 .debug_macro   0x000000000000102b       0x24 ./Core/Src/calculator2.o
 .debug_macro   0x000000000000104f       0x61 ./Core/Src/calculator2.o
 .debug_macro   0x00000000000010b0       0x43 ./Core/Src/calculator2.o
 .debug_macro   0x00000000000010f3       0x34 ./Core/Src/calculator2.o
 .debug_macro   0x0000000000001127       0x16 ./Core/Src/calculator2.o
 .debug_macro   0x000000000000113d      0x10e ./Core/Src/calculator2.o
 .debug_macro   0x000000000000124b       0x8d ./Core/Src/calculator2.o
 .debug_macro   0x00000000000012d8       0x16 ./Core/Src/calculator2.o
 .debug_macro   0x00000000000012ee       0x43 ./Core/Src/calculator2.o
 .debug_macro   0x0000000000001331       0x34 ./Core/Src/calculator2.o
 .debug_macro   0x0000000000001365       0x10 ./Core/Src/calculator2.o
 .debug_macro   0x0000000000001375       0x58 ./Core/Src/calculator2.o
 .debug_macro   0x00000000000013cd       0x8e ./Core/Src/calculator2.o
 .debug_macro   0x000000000000145b       0x1c ./Core/Src/calculator2.o
 .debug_macro   0x0000000000001477      0x177 ./Core/Src/calculator2.o
 .debug_macro   0x00000000000015ee      0x369 ./Core/Src/calculator2.o
 .debug_macro   0x0000000000001957       0x16 ./Core/Src/calculator2.o
 .debug_macro   0x000000000000196d       0x29 ./Core/Src/calculator2.o
 .debug_macro   0x0000000000001996      0x1a5 ./Core/Src/gui.o
 .debug_macro   0x0000000000001b3b      0x215 ./Core/Src/gui.o
 .debug_macro   0x0000000000001d50       0x2e ./Core/Src/gui.o
 .debug_macro   0x0000000000001d7e       0x22 ./Core/Src/gui.o
 .debug_macro   0x0000000000001da0       0x1c ./Core/Src/gui.o
 .debug_macro   0x0000000000001dbc       0x22 ./Core/Src/gui.o
 .debug_macro   0x0000000000001dde       0xbd ./Core/Src/gui.o
 .debug_macro   0x0000000000001e9b      0xd23 ./Core/Src/gui.o
 .debug_macro   0x0000000000002bbe     0xde75 ./Core/Src/gui.o
 .debug_macro   0x0000000000010a33       0x6d ./Core/Src/gui.o
 .debug_macro   0x0000000000010aa0     0x348d ./Core/Src/gui.o
 .debug_macro   0x0000000000013f2d      0x174 ./Core/Src/gui.o
 .debug_macro   0x00000000000140a1       0x5c ./Core/Src/gui.o
 .debug_macro   0x00000000000140fd      0x5bc ./Core/Src/gui.o
 .debug_macro   0x00000000000146b9      0x1b7 ./Core/Src/gui.o
 .debug_macro   0x0000000000014870      0x1cb ./Core/Src/gui.o
 .debug_macro   0x0000000000014a3b      0x114 ./Core/Src/gui.o
 .debug_macro   0x0000000000014b4f      0x1b2 ./Core/Src/gui.o
 .debug_macro   0x0000000000014d01       0x27 ./Core/Src/gui.o
 .debug_macro   0x0000000000014d28      0x12f ./Core/Src/gui.o
 .debug_macro   0x0000000000014e57      0x1bc ./Core/Src/gui.o
 .debug_macro   0x0000000000015013       0x34 ./Core/Src/gui.o
 .debug_macro   0x0000000000015047       0x3c ./Core/Src/gui.o
 .debug_macro   0x0000000000015083       0x57 ./Core/Src/gui.o
 .debug_macro   0x00000000000150da       0x87 ./Core/Src/gui.o
 .debug_macro   0x0000000000015161      0x183 ./Core/Src/gui.o
 .debug_macro   0x00000000000152e4      0x287 ./Core/Src/gui.o
 .debug_macro   0x000000000001556b      0x140 ./Core/Src/gui.o
 .debug_macro   0x00000000000156ab       0x69 ./Core/Src/gui.o
 .debug_macro   0x0000000000015714       0x1c ./Core/Src/gui.o
 .debug_macro   0x0000000000015730      0x195 ./Core/Src/lcddisplay.o
 .debug_macro   0x00000000000158c5       0x22 ./Core/Src/lcddisplay.o
 .debug_macro   0x00000000000158e7      0x2b2 ./Core/Src/main.o
 .debug_macro   0x0000000000015b99       0xa0 ./Core/Src/main.o
 .debug_macro   0x0000000000015c39       0x35 ./Core/Src/main.o
 .debug_macro   0x0000000000015c6e      0x19b ./Core/Src/stm32f1xx_hal_msp.o
 .debug_macro   0x0000000000015e09      0x1a5 ./Core/Src/stm32f1xx_it.o
 .debug_macro   0x0000000000015fae       0xff ./Core/Src/sysmem.o
 .debug_macro   0x00000000000160ad      0x23c ./Core/Src/sysmem.o
 .debug_macro   0x00000000000162e9      0x18c ./Core/Src/system_stm32f1xx.o
 .debug_macro   0x0000000000016475      0x1b0 ./Drivers/STM32F1xx_HAL_Driver/Src/stm32f1xx_hal.o
 .debug_macro   0x0000000000016625      0x18c ./Drivers/STM32F1xx_HAL_Driver/Src/stm32f1xx_hal_cortex.o
 .debug_macro   0x00000000000167b1      0x1f7 ./Drivers/STM32F1xx_HAL_Driver/Src/stm32f1xx_hal_gpio.o
 .debug_macro   0x00000000000169a8      0x1da ./Drivers/STM32F1xx_HAL_Driver/Src/stm32f1xx_hal_i2c.o
 .debug_macro   0x0000000000016b82      0x19e ./Drivers/STM32F1xx_HAL_Driver/Src/stm32f1xx_hal_rcc.o

.debug_line     0x0000000000000000     0xa0b8
 .debug_line    0x0000000000000000      0x9fc ./Core/Src/calculator2.o
 .debug_line    0x00000000000009fc      0x78c ./Core/Src/gui.o
 .debug_line    0x0000000000001188      0x7c0 ./Core/Src/lcddisplay.o
 .debug_line    0x0000000000001948      0x966 ./Core/Src/main.o
 .debug_line    0x00000000000022ae      0x678 ./Core/Src/stm32f1xx_hal_msp.o
 .debug_line    0x0000000000002926      0x780 ./Core/Src/stm32f1xx_it.o
 .debug_line    0x00000000000030a6      0x4d1 ./Core/Src/sysmem.o
 .debug_line    0x0000000000003577      0x6aa ./Core/Src/system_stm32f1xx.o
 .debug_line    0x0000000000003c21       0x78 ./Core/Startup/startup_stm32f103c6tx.o
 .debug_line    0x0000000000003c99      0x8d7 ./Drivers/STM32F1xx_HAL_Driver/Src/stm32f1xx_hal.o
 .debug_line    0x0000000000004570      0xabf ./Drivers/STM32F1xx_HAL_Driver/Src/stm32f1xx_hal_cortex.o
 .debug_line    0x000000000000502f      0x95b ./Drivers/STM32F1xx_HAL_Driver/Src/stm32f1xx_hal_gpio.o
 .debug_line    0x000000000000598a     0x3a4e ./Drivers/STM32F1xx_HAL_Driver/Src/stm32f1xx_hal_i2c.o
 .debug_line    0x00000000000093d8      0xce0 ./Drivers/STM32F1xx_HAL_Driver/Src/stm32f1xx_hal_rcc.o

.debug_str      0x0000000000000000    0x7fcec
 .debug_str     0x0000000000000000     0x70bb ./Core/Src/calculator2.o
                                       0x72d7 (size before relaxing)
 .debug_str     0x00000000000070bb    0x76515 ./Core/Src/gui.o
                                      0x7a6c5 (size before relaxing)
 .debug_str     0x000000000007d5d0      0x10c ./Core/Src/lcddisplay.o
                                      0x7a71e (size before relaxing)
 .debug_str     0x000000000007d6dc      0x822 ./Core/Src/main.o
                                      0x7e194 (size before relaxing)
 .debug_str     0x000000000007defe       0x91 ./Core/Src/stm32f1xx_hal_msp.o
                                      0x7a98a (size before relaxing)
 .debug_str     0x000000000007df8f      0x14a ./Core/Src/stm32f1xx_it.o
                                      0x7a530 (size before relaxing)
 .debug_str     0x000000000007e0d9      0x4dc ./Core/Src/sysmem.o
                                       0x5ff2 (size before relaxing)
 .debug_str     0x000000000007e5b5       0x7e ./Core/Src/system_stm32f1xx.o
                                      0x7a1c9 (size before relaxing)
 .debug_str     0x000000000007e633       0x34 ./Core/Startup/startup_stm32f103c6tx.o
                                         0x5c (size before relaxing)
 .debug_str     0x000000000007e667      0x378 ./Drivers/STM32F1xx_HAL_Driver/Src/stm32f1xx_hal.o
                                      0x7a8c2 (size before relaxing)
 .debug_str     0x000000000007e9df      0x2a8 ./Drivers/STM32F1xx_HAL_Driver/Src/stm32f1xx_hal_cortex.o
                                      0x7a80e (size before relaxing)
 .debug_str     0x000000000007ec87      0x29a ./Drivers/STM32F1xx_HAL_Driver/Src/stm32f1xx_hal_gpio.o
                                      0x7a54f (size before relaxing)
 .debug_str     0x000000000007ef21      0xbc2 ./Drivers/STM32F1xx_HAL_Driver/Src/stm32f1xx_hal_i2c.o
                                      0x7b290 (size before relaxing)
 .debug_str     0x000000000007fae3      0x209 ./Drivers/STM32F1xx_HAL_Driver/Src/stm32f1xx_hal_rcc.o
                                      0x7a5f8 (size before relaxing)

.debug_frame    0x0000000000000000     0x22e8
 .debug_frame   0x0000000000000000      0x1e0 ./Core/Src/calculator2.o
 .debug_frame   0x00000000000001e0       0xf8 ./Core/Src/gui.o
 .debug_frame   0x00000000000002d8      0x194 ./Core/Src/lcddisplay.o
 .debug_frame   0x000000000000046c       0xd4 ./Core/Src/main.o
 .debug_frame   0x0000000000000540       0x80 ./Core/Src/stm32f1xx_hal_msp.o
 .debug_frame   0x00000000000005c0      0x1ac ./Core/Src/stm32f1xx_it.o
 .debug_frame   0x000000000000076c       0x34 ./Core/Src/sysmem.o
 .debug_frame   0x00000000000007a0       0x58 ./Core/Src/system_stm32f1xx.o
 .debug_frame   0x00000000000007f8      0x334 ./Drivers/STM32F1xx_HAL_Driver/Src/stm32f1xx_hal.o
 .debug_frame   0x0000000000000b2c      0x428 ./Drivers/STM32F1xx_HAL_Driver/Src/stm32f1xx_hal_cortex.o
 .debug_frame   0x0000000000000f54      0x14c ./Drivers/STM32F1xx_HAL_Driver/Src/stm32f1xx_hal_gpio.o
 .debug_frame   0x00000000000010a0      0xc84 ./Drivers/STM32F1xx_HAL_Driver/Src/stm32f1xx_hal_i2c.o
 .debug_frame   0x0000000000001d24      0x218 ./Drivers/STM32F1xx_HAL_Driver/Src/stm32f1xx_hal_rcc.o
 .debug_frame   0x0000000000001f3c       0x30 /home/yehor/st/stm32cubeide_1.13.2/plugins/com.st.stm32cube.ide.mcu.externaltools.gnu-tools-for-stm32.11.3.rel1.linux64_1.1.1.202309131626/tools/bin/../lib/gcc/arm-none-eabi/11.3.1/../../../../arm-none-eabi/lib/thumb/v7-m/nofp/libc_nano.a(libc_a-malloc.o)
 .debug_frame   0x0000000000001f6c       0x50 /home/yehor/st/stm32cubeide_1.13.2/plugins/com.st.stm32cube.ide.mcu.externaltools.gnu-tools-for-stm32.11.3.rel1.linux64_1.1.1.202309131626/tools/bin/../lib/gcc/arm-none-eabi/11.3.1/../../../../arm-none-eabi/lib/thumb/v7-m/nofp/libc_nano.a(libc_a-mallocr.o)
 .debug_frame   0x0000000000001fbc       0x30 /home/yehor/st/stm32cubeide_1.13.2/plugins/com.st.stm32cube.ide.mcu.externaltools.gnu-tools-for-stm32.11.3.rel1.linux64_1.1.1.202309131626/tools/bin/../lib/gcc/arm-none-eabi/11.3.1/../../../../arm-none-eabi/lib/thumb/v7-m/nofp/libc_nano.a(libc_a-mlock.o)
 .debug_frame   0x0000000000001fec      0x144 /home/yehor/st/stm32cubeide_1.13.2/plugins/com.st.stm32cube.ide.mcu.externaltools.gnu-tools-for-stm32.11.3.rel1.linux64_1.1.1.202309131626/tools/bin/../lib/gcc/arm-none-eabi/11.3.1/../../../../arm-none-eabi/lib/thumb/v7-m/nofp/libc_nano.a(libc_a-findfp.o)
 .debug_frame   0x0000000000002130       0x20 /home/yehor/st/stm32cubeide_1.13.2/plugins/com.st.stm32cube.ide.mcu.externaltools.gnu-tools-for-stm32.11.3.rel1.linux64_1.1.1.202309131626/tools/bin/../lib/gcc/arm-none-eabi/11.3.1/../../../../arm-none-eabi/lib/thumb/v7-m/nofp/libc_nano.a(libc_a-memset.o)
 .debug_frame   0x0000000000002150       0x38 /home/yehor/st/stm32cubeide_1.13.2/plugins/com.st.stm32cube.ide.mcu.externaltools.gnu-tools-for-stm32.11.3.rel1.linux64_1.1.1.202309131626/tools/bin/../lib/gcc/arm-none-eabi/11.3.1/../../../../arm-none-eabi/lib/thumb/v7-m/nofp/libc_nano.a(libc_a-reent.o)
 .debug_frame   0x0000000000002188       0x2c /home/yehor/st/stm32cubeide_1.13.2/plugins/com.st.stm32cube.ide.mcu.externaltools.gnu-tools-for-stm32.11.3.rel1.linux64_1.1.1.202309131626/tools/bin/../lib/gcc/arm-none-eabi/11.3.1/../../../../arm-none-eabi/lib/thumb/v7-m/nofp/libc_nano.a(libc_a-sbrkr.o)
 .debug_frame   0x00000000000021b4       0x20 /home/yehor/st/stm32cubeide_1.13.2/plugins/com.st.stm32cube.ide.mcu.externaltools.gnu-tools-for-stm32.11.3.rel1.linux64_1.1.1.202309131626/tools/bin/../lib/gcc/arm-none-eabi/11.3.1/../../../../arm-none-eabi/lib/thumb/v7-m/nofp/libc_nano.a(libc_a-errno.o)
 .debug_frame   0x00000000000021d4       0x2c /home/yehor/st/stm32cubeide_1.13.2/plugins/com.st.stm32cube.ide.mcu.externaltools.gnu-tools-for-stm32.11.3.rel1.linux64_1.1.1.202309131626/tools/bin/../lib/gcc/arm-none-eabi/11.3.1/../../../../arm-none-eabi/lib/thumb/v7-m/nofp/libc_nano.a(libc_a-init.o)
 .debug_frame   0x0000000000002200       0xb0 /home/yehor/st/stm32cubeide_1.13.2/plugins/com.st.stm32cube.ide.mcu.externaltools.gnu-tools-for-stm32.11.3.rel1.linux64_1.1.1.202309131626/tools/bin/../lib/gcc/arm-none-eabi/11.3.1/../../../../arm-none-eabi/lib/thumb/v7-m/nofp/libc_nano.a(libc_a-lock.o)
 .debug_frame   0x00000000000022b0       0x38 /home/yehor/st/stm32cubeide_1.13.2/plugins/com.st.stm32cube.ide.mcu.externaltools.gnu-tools-for-stm32.11.3.rel1.linux64_1.1.1.202309131626/tools/bin/../lib/gcc/arm-none-eabi/11.3.1/../../../../arm-none-eabi/lib/thumb/v7-m/nofp/libc_nano.a(libc_a-freer.o)

.debug_line_str
                0x0000000000000000       0x50
 .debug_line_str
                0x0000000000000000       0x50 ./Core/Startup/startup_stm32f103c6tx.o
                                         0x68 (size before relaxing)
